Archive member included to satisfy reference by file (symbol)

d:/ide/7.0/toolchain/avr8/avr8-gnu-toolchain/bin/../lib/gcc/avr/5.4.0/avr5\libgcc.a(_exit.o)
                              D:/IDE/7.0/Packs/atmel/ATmega_DFP/1.7.374/gcc/dev/atmega32/avr5/crtatmega32.o (exit)
d:/ide/7.0/toolchain/avr8/avr8-gnu-toolchain/bin/../lib/gcc/avr/5.4.0/avr5\libgcc.a(_copy_data.o)
                              MCAL/Dio/Src/DIO_CFG.o (__do_copy_data)
d:/ide/7.0/toolchain/avr8/avr8-gnu-toolchain/bin/../lib/gcc/avr/5.4.0/avr5\libgcc.a(_clear_bss.o)
                              MCAL/EXINT/Src/ExInt.o (__do_clear_bss)
d:/ide/7.0/toolchain/avr8/avr8-gnu-toolchain/bin/../lib/gcc/avr/5.4.0/../../../../avr/lib/avr5\libc.a(strncat.o)
                              Program/main.o (strncat)

Discarded input sections

 .data          0x00000000        0x0 D:/IDE/7.0/Packs/atmel/ATmega_DFP/1.7.374/gcc/dev/atmega32/avr5/crtatmega32.o
 .bss           0x00000000        0x0 D:/IDE/7.0/Packs/atmel/ATmega_DFP/1.7.374/gcc/dev/atmega32/avr5/crtatmega32.o
 .text          0x00000000        0x0 ECUA/LCD/Src/LCD.o
 .data          0x00000000        0x0 ECUA/LCD/Src/LCD.o
 .bss           0x00000000        0x0 ECUA/LCD/Src/LCD.o
 .text.LCD_SetPos
                0x00000000       0x22 ECUA/LCD/Src/LCD.o
 .text.LCD_Custome_Char
                0x00000000       0x38 ECUA/LCD/Src/LCD.o
 .text          0x00000000        0x0 MCAL/ADC/Src/ADC.o
 .data          0x00000000        0x0 MCAL/ADC/Src/ADC.o
 .bss           0x00000000        0x0 MCAL/ADC/Src/ADC.o
 .text          0x00000000        0x0 MCAL/Dio/Src/Dio.o
 .data          0x00000000        0x0 MCAL/Dio/Src/Dio.o
 .bss           0x00000000        0x0 MCAL/Dio/Src/Dio.o
 .text.DIO_ReadChannel
                0x00000000       0x70 MCAL/Dio/Src/Dio.o
 .text.DIO_ToggleChannel
                0x00000000       0x82 MCAL/Dio/Src/Dio.o
 .text.DIO_ConfigChannel
                0x00000000      0x104 MCAL/Dio/Src/Dio.o
 .text.DIO_WriteChannelGroup
                0x00000000       0x50 MCAL/Dio/Src/Dio.o
 .text          0x00000000        0x0 MCAL/Dio/Src/DIO_CFG.o
 .data          0x00000000        0x0 MCAL/Dio/Src/DIO_CFG.o
 .bss           0x00000000        0x0 MCAL/Dio/Src/DIO_CFG.o
 .text          0x00000000        0x0 MCAL/EXINT/Src/ExInt.o
 .data          0x00000000        0x0 MCAL/EXINT/Src/ExInt.o
 .bss           0x00000000        0x0 MCAL/EXINT/Src/ExInt.o
 .text.Ext_Interrupt_Disable
                0x00000000       0x24 MCAL/EXINT/Src/ExInt.o
 .text.Ext_Interrupt_Sncontrol
                0x00000000       0x3e MCAL/EXINT/Src/ExInt.o
 .text          0x00000000        0x0 MCAL/GINT/Src/GINT_Reg.o
 .data          0x00000000        0x0 MCAL/GINT/Src/GINT_Reg.o
 .bss           0x00000000        0x0 MCAL/GINT/Src/GINT_Reg.o
 .text.GINT_DisableAllInterrupts
                0x00000000        0x8 MCAL/GINT/Src/GINT_Reg.o
 .text          0x00000000        0x0 Program/main.o
 .data          0x00000000        0x0 Program/main.o
 .bss           0x00000000        0x0 Program/main.o
 .text          0x00000000        0x0 d:/ide/7.0/toolchain/avr8/avr8-gnu-toolchain/bin/../lib/gcc/avr/5.4.0/avr5\libgcc.a(_exit.o)
 .data          0x00000000        0x0 d:/ide/7.0/toolchain/avr8/avr8-gnu-toolchain/bin/../lib/gcc/avr/5.4.0/avr5\libgcc.a(_exit.o)
 .bss           0x00000000        0x0 d:/ide/7.0/toolchain/avr8/avr8-gnu-toolchain/bin/../lib/gcc/avr/5.4.0/avr5\libgcc.a(_exit.o)
 .text.libgcc.mul
                0x00000000        0x0 d:/ide/7.0/toolchain/avr8/avr8-gnu-toolchain/bin/../lib/gcc/avr/5.4.0/avr5\libgcc.a(_exit.o)
 .text.libgcc.div
                0x00000000        0x0 d:/ide/7.0/toolchain/avr8/avr8-gnu-toolchain/bin/../lib/gcc/avr/5.4.0/avr5\libgcc.a(_exit.o)
 .text.libgcc   0x00000000        0x0 d:/ide/7.0/toolchain/avr8/avr8-gnu-toolchain/bin/../lib/gcc/avr/5.4.0/avr5\libgcc.a(_exit.o)
 .text.libgcc.prologue
                0x00000000        0x0 d:/ide/7.0/toolchain/avr8/avr8-gnu-toolchain/bin/../lib/gcc/avr/5.4.0/avr5\libgcc.a(_exit.o)
 .text.libgcc.builtins
                0x00000000        0x0 d:/ide/7.0/toolchain/avr8/avr8-gnu-toolchain/bin/../lib/gcc/avr/5.4.0/avr5\libgcc.a(_exit.o)
 .text.libgcc.fmul
                0x00000000        0x0 d:/ide/7.0/toolchain/avr8/avr8-gnu-toolchain/bin/../lib/gcc/avr/5.4.0/avr5\libgcc.a(_exit.o)
 .text.libgcc.fixed
                0x00000000        0x0 d:/ide/7.0/toolchain/avr8/avr8-gnu-toolchain/bin/../lib/gcc/avr/5.4.0/avr5\libgcc.a(_exit.o)
 .text          0x00000000        0x0 d:/ide/7.0/toolchain/avr8/avr8-gnu-toolchain/bin/../lib/gcc/avr/5.4.0/avr5\libgcc.a(_copy_data.o)
 .data          0x00000000        0x0 d:/ide/7.0/toolchain/avr8/avr8-gnu-toolchain/bin/../lib/gcc/avr/5.4.0/avr5\libgcc.a(_copy_data.o)
 .bss           0x00000000        0x0 d:/ide/7.0/toolchain/avr8/avr8-gnu-toolchain/bin/../lib/gcc/avr/5.4.0/avr5\libgcc.a(_copy_data.o)
 .text.libgcc.mul
                0x00000000        0x0 d:/ide/7.0/toolchain/avr8/avr8-gnu-toolchain/bin/../lib/gcc/avr/5.4.0/avr5\libgcc.a(_copy_data.o)
 .text.libgcc.div
                0x00000000        0x0 d:/ide/7.0/toolchain/avr8/avr8-gnu-toolchain/bin/../lib/gcc/avr/5.4.0/avr5\libgcc.a(_copy_data.o)
 .text.libgcc   0x00000000        0x0 d:/ide/7.0/toolchain/avr8/avr8-gnu-toolchain/bin/../lib/gcc/avr/5.4.0/avr5\libgcc.a(_copy_data.o)
 .text.libgcc.prologue
                0x00000000        0x0 d:/ide/7.0/toolchain/avr8/avr8-gnu-toolchain/bin/../lib/gcc/avr/5.4.0/avr5\libgcc.a(_copy_data.o)
 .text.libgcc.builtins
                0x00000000        0x0 d:/ide/7.0/toolchain/avr8/avr8-gnu-toolchain/bin/../lib/gcc/avr/5.4.0/avr5\libgcc.a(_copy_data.o)
 .text.libgcc.fmul
                0x00000000        0x0 d:/ide/7.0/toolchain/avr8/avr8-gnu-toolchain/bin/../lib/gcc/avr/5.4.0/avr5\libgcc.a(_copy_data.o)
 .text.libgcc.fixed
                0x00000000        0x0 d:/ide/7.0/toolchain/avr8/avr8-gnu-toolchain/bin/../lib/gcc/avr/5.4.0/avr5\libgcc.a(_copy_data.o)
 .text          0x00000000        0x0 d:/ide/7.0/toolchain/avr8/avr8-gnu-toolchain/bin/../lib/gcc/avr/5.4.0/avr5\libgcc.a(_clear_bss.o)
 .data          0x00000000        0x0 d:/ide/7.0/toolchain/avr8/avr8-gnu-toolchain/bin/../lib/gcc/avr/5.4.0/avr5\libgcc.a(_clear_bss.o)
 .bss           0x00000000        0x0 d:/ide/7.0/toolchain/avr8/avr8-gnu-toolchain/bin/../lib/gcc/avr/5.4.0/avr5\libgcc.a(_clear_bss.o)
 .text.libgcc.mul
                0x00000000        0x0 d:/ide/7.0/toolchain/avr8/avr8-gnu-toolchain/bin/../lib/gcc/avr/5.4.0/avr5\libgcc.a(_clear_bss.o)
 .text.libgcc.div
                0x00000000        0x0 d:/ide/7.0/toolchain/avr8/avr8-gnu-toolchain/bin/../lib/gcc/avr/5.4.0/avr5\libgcc.a(_clear_bss.o)
 .text.libgcc   0x00000000        0x0 d:/ide/7.0/toolchain/avr8/avr8-gnu-toolchain/bin/../lib/gcc/avr/5.4.0/avr5\libgcc.a(_clear_bss.o)
 .text.libgcc.prologue
                0x00000000        0x0 d:/ide/7.0/toolchain/avr8/avr8-gnu-toolchain/bin/../lib/gcc/avr/5.4.0/avr5\libgcc.a(_clear_bss.o)
 .text.libgcc.builtins
                0x00000000        0x0 d:/ide/7.0/toolchain/avr8/avr8-gnu-toolchain/bin/../lib/gcc/avr/5.4.0/avr5\libgcc.a(_clear_bss.o)
 .text.libgcc.fmul
                0x00000000        0x0 d:/ide/7.0/toolchain/avr8/avr8-gnu-toolchain/bin/../lib/gcc/avr/5.4.0/avr5\libgcc.a(_clear_bss.o)
 .text.libgcc.fixed
                0x00000000        0x0 d:/ide/7.0/toolchain/avr8/avr8-gnu-toolchain/bin/../lib/gcc/avr/5.4.0/avr5\libgcc.a(_clear_bss.o)
 .text          0x00000000        0x0 d:/ide/7.0/toolchain/avr8/avr8-gnu-toolchain/bin/../lib/gcc/avr/5.4.0/../../../../avr/lib/avr5\libc.a(strncat.o)
 .data          0x00000000        0x0 d:/ide/7.0/toolchain/avr8/avr8-gnu-toolchain/bin/../lib/gcc/avr/5.4.0/../../../../avr/lib/avr5\libc.a(strncat.o)
 .bss           0x00000000        0x0 d:/ide/7.0/toolchain/avr8/avr8-gnu-toolchain/bin/../lib/gcc/avr/5.4.0/../../../../avr/lib/avr5\libc.a(strncat.o)

Memory Configuration

Name             Origin             Length             Attributes
text             0x00000000         0x00008000         xr
data             0x00800060         0x00000800         rw !x
eeprom           0x00810000         0x00000400         rw !x
fuse             0x00820000         0x00000002         rw !x
lock             0x00830000         0x00000400         rw !x
signature        0x00840000         0x00000400         rw !x
user_signatures  0x00850000         0x00000400         rw !x
*default*        0x00000000         0xffffffff

Linker script and memory map

LOAD D:/IDE/7.0/Packs/atmel/ATmega_DFP/1.7.374/gcc/dev/atmega32/avr5/crtatmega32.o
LOAD ECUA/LCD/Src/LCD.o
LOAD MCAL/ADC/Src/ADC.o
LOAD MCAL/Dio/Src/Dio.o
LOAD MCAL/Dio/Src/DIO_CFG.o
LOAD MCAL/EXINT/Src/ExInt.o
LOAD MCAL/GINT/Src/GINT_Reg.o
LOAD Program/main.o
START GROUP
LOAD d:/ide/7.0/toolchain/avr8/avr8-gnu-toolchain/bin/../lib/gcc/avr/5.4.0/../../../../avr/lib/avr5\libm.a
END GROUP
START GROUP
LOAD d:/ide/7.0/toolchain/avr8/avr8-gnu-toolchain/bin/../lib/gcc/avr/5.4.0/avr5\libgcc.a
LOAD d:/ide/7.0/toolchain/avr8/avr8-gnu-toolchain/bin/../lib/gcc/avr/5.4.0/../../../../avr/lib/avr5\libm.a
LOAD d:/ide/7.0/toolchain/avr8/avr8-gnu-toolchain/bin/../lib/gcc/avr/5.4.0/../../../../avr/lib/avr5\libc.a
LOAD D:/IDE/7.0/Packs/atmel/ATmega_DFP/1.7.374/gcc/dev/atmega32/avr5\libatmega32.a
END GROUP
                0x00000000                __TEXT_REGION_ORIGIN__ = DEFINED (__TEXT_REGION_ORIGIN__)?__TEXT_REGION_ORIGIN__:0x0
                [0x00800060]                __DATA_REGION_ORIGIN__ = DEFINED (__DATA_REGION_ORIGIN__)?__DATA_REGION_ORIGIN__:0x800060
                [0x00008000]                __TEXT_REGION_LENGTH__ = DEFINED (__TEXT_REGION_LENGTH__)?__TEXT_REGION_LENGTH__:0x20000
                [0x00000800]                __DATA_REGION_LENGTH__ = DEFINED (__DATA_REGION_LENGTH__)?__DATA_REGION_LENGTH__:0xffa0
                [0x00000400]                __EEPROM_REGION_LENGTH__ = DEFINED (__EEPROM_REGION_LENGTH__)?__EEPROM_REGION_LENGTH__:0x10000
                [0x00000002]                __FUSE_REGION_LENGTH__ = DEFINED (__FUSE_REGION_LENGTH__)?__FUSE_REGION_LENGTH__:0x400
                0x00000400                __LOCK_REGION_LENGTH__ = DEFINED (__LOCK_REGION_LENGTH__)?__LOCK_REGION_LENGTH__:0x400
                0x00000400                __SIGNATURE_REGION_LENGTH__ = DEFINED (__SIGNATURE_REGION_LENGTH__)?__SIGNATURE_REGION_LENGTH__:0x400
                0x00000400                __USER_SIGNATURE_REGION_LENGTH__ = DEFINED (__USER_SIGNATURE_REGION_LENGTH__)?__USER_SIGNATURE_REGION_LENGTH__:0x400

.hash
 *(.hash)

.dynsym
 *(.dynsym)

.dynstr
 *(.dynstr)

.gnu.version
 *(.gnu.version)

.gnu.version_d
 *(.gnu.version_d)

.gnu.version_r
 *(.gnu.version_r)

.rel.init
 *(.rel.init)

.rela.init
 *(.rela.init)

.rel.text
 *(.rel.text)
 *(.rel.text.*)
 *(.rel.gnu.linkonce.t*)

.rela.text
 *(.rela.text)
 *(.rela.text.*)
 *(.rela.gnu.linkonce.t*)

.rel.fini
 *(.rel.fini)

.rela.fini
 *(.rela.fini)

.rel.rodata
 *(.rel.rodata)
 *(.rel.rodata.*)
 *(.rel.gnu.linkonce.r*)

.rela.rodata
 *(.rela.rodata)
 *(.rela.rodata.*)
 *(.rela.gnu.linkonce.r*)

.rel.data
 *(.rel.data)
 *(.rel.data.*)
 *(.rel.gnu.linkonce.d*)

.rela.data
 *(.rela.data)
 *(.rela.data.*)
 *(.rela.gnu.linkonce.d*)

.rel.ctors
 *(.rel.ctors)

.rela.ctors
 *(.rela.ctors)

.rel.dtors
 *(.rel.dtors)

.rela.dtors
 *(.rela.dtors)

.rel.got
 *(.rel.got)

.rela.got
 *(.rela.got)

.rel.bss
 *(.rel.bss)

.rela.bss
 *(.rela.bss)

.rel.plt
 *(.rel.plt)

.rela.plt
 *(.rela.plt)

.text           0x00000000      0x7b8
 *(.vectors)
 .vectors       0x00000000       0x54 D:/IDE/7.0/Packs/atmel/ATmega_DFP/1.7.374/gcc/dev/atmega32/avr5/crtatmega32.o
                0x00000000                __vector_default
                0x00000000                __vectors
 *(.vectors)
 *(.progmem.gcc*)
                0x00000054                . = ALIGN (0x2)
                0x00000054                __trampolines_start = .
 *(.trampolines)
 .trampolines   0x00000054        0x0 linker stubs
 *(.trampolines*)
                0x00000054                __trampolines_end = .
 *libprintf_flt.a:*(.progmem.data)
 *libc.a:*(.progmem.data)
 *(.progmem*)
                0x00000054                . = ALIGN (0x2)
 *(.jumptables)
 *(.jumptables*)
 *(.lowtext)
 *(.lowtext*)
                0x00000054                __ctors_start = .
 *(.ctors)
                0x00000054                __ctors_end = .
                0x00000054                __dtors_start = .
 *(.dtors)
                0x00000054                __dtors_end = .
 SORT(*)(.ctors)
 SORT(*)(.dtors)
 *(.init0)
 .init0         0x00000054        0x0 D:/IDE/7.0/Packs/atmel/ATmega_DFP/1.7.374/gcc/dev/atmega32/avr5/crtatmega32.o
                0x00000054                __init
 *(.init0)
 *(.init1)
 *(.init1)
 *(.init2)
 .init2         0x00000054        0xc D:/IDE/7.0/Packs/atmel/ATmega_DFP/1.7.374/gcc/dev/atmega32/avr5/crtatmega32.o
 *(.init2)
 *(.init3)
 *(.init3)
 *(.init4)
 .init4         0x00000060       0x16 d:/ide/7.0/toolchain/avr8/avr8-gnu-toolchain/bin/../lib/gcc/avr/5.4.0/avr5\libgcc.a(_copy_data.o)
                0x00000060                __do_copy_data
 .init4         0x00000076       0x10 d:/ide/7.0/toolchain/avr8/avr8-gnu-toolchain/bin/../lib/gcc/avr/5.4.0/avr5\libgcc.a(_clear_bss.o)
                0x00000076                __do_clear_bss
 *(.init4)
 *(.init5)
 *(.init5)
 *(.init6)
 *(.init6)
 *(.init7)
 *(.init7)
 *(.init8)
 *(.init8)
 *(.init9)
 .init9         0x00000086        0x8 D:/IDE/7.0/Packs/atmel/ATmega_DFP/1.7.374/gcc/dev/atmega32/avr5/crtatmega32.o
 *(.init9)
 *(.text)
 .text          0x0000008e        0x4 D:/IDE/7.0/Packs/atmel/ATmega_DFP/1.7.374/gcc/dev/atmega32/avr5/crtatmega32.o
                0x0000008e                __vector_12
                0x0000008e                __bad_interrupt
                0x0000008e                __vector_6
                0x0000008e                __vector_11
                0x0000008e                __vector_13
                0x0000008e                __vector_17
                0x0000008e                __vector_19
                0x0000008e                __vector_7
                0x0000008e                __vector_5
                0x0000008e                __vector_4
                0x0000008e                __vector_9
                0x0000008e                __vector_15
                0x0000008e                __vector_8
                0x0000008e                __vector_14
                0x0000008e                __vector_10
                0x0000008e                __vector_16
                0x0000008e                __vector_18
                0x0000008e                __vector_20
                0x00000092                . = ALIGN (0x2)
 *(.text.*)
 .text.LCD_Cmd  0x00000092       0x90 ECUA/LCD/Src/LCD.o
                0x00000092                LCD_Cmd
 .text.LCD_Init
                0x00000122       0x42 ECUA/LCD/Src/LCD.o
                0x00000122                LCD_Init
 .text.LCD_Char
                0x00000164       0x90 ECUA/LCD/Src/LCD.o
                0x00000164                LCD_Char
 .text.LCD_String
                0x000001f4       0x26 ECUA/LCD/Src/LCD.o
                0x000001f4                LCD_String
 .text.LCD_Clear
                0x0000021a        0x8 ECUA/LCD/Src/LCD.o
                0x0000021a                LCD_Clear
 .text.ADC_Init
                0x00000222       0x16 MCAL/ADC/Src/ADC.o
                0x00000222                ADC_Init
 .text.ADC_Read
                0x00000238       0x28 MCAL/ADC/Src/ADC.o
                0x00000238                ADC_Read
 .text.DIO_WriteChannel
                0x00000260      0x104 MCAL/Dio/Src/Dio.o
                0x00000260                DIO_WriteChannel
 .text.DIO_WritePort
                0x00000364       0x20 MCAL/Dio/Src/Dio.o
                0x00000364                DIO_WritePort
 .text.DIO_ReadPort
                0x00000384       0x24 MCAL/Dio/Src/Dio.o
                0x00000384                DIO_ReadPort
 .text.DIO_Init
                0x000003a8      0x14c MCAL/Dio/Src/DIO_CFG.o
                0x000003a8                DIO_Init
 .text.Ext_Interrupt_Enable
                0x000004f4       0x24 MCAL/EXINT/Src/ExInt.o
                0x000004f4                Ext_Interrupt_Enable
 .text.Ext_Interrupt_SetCallBack
                0x00000518       0x2a MCAL/EXINT/Src/ExInt.o
                0x00000518                Ext_Interrupt_SetCallBack
 .text.__vector_1
                0x00000542       0x4e MCAL/EXINT/Src/ExInt.o
                0x00000542                __vector_1
 .text.__vector_2
                0x00000590       0x4e MCAL/EXINT/Src/ExInt.o
                0x00000590                __vector_2
 .text.__vector_3
                0x000005de       0x4e MCAL/EXINT/Src/ExInt.o
                0x000005de                __vector_3
 .text.GINT_EnableAllInterrupts
                0x0000062c        0x8 MCAL/GINT/Src/GINT_Reg.o
                0x0000062c                GINT_EnableAllInterrupts
 .text.init     0x00000634       0x40 Program/main.o
                0x00000634                init
 .text.updateSensorValues
                0x00000674       0x2e Program/main.o
                0x00000674                updateSensorValues
 .text.recognizeWord
                0x000006a2       0xae Program/main.o
                0x000006a2                recognizeWord
 .text.main     0x00000750       0x44 Program/main.o
                0x00000750                main
 .text.avr-libc
                0x00000794       0x20 d:/ide/7.0/toolchain/avr8/avr8-gnu-toolchain/bin/../lib/gcc/avr/5.4.0/../../../../avr/lib/avr5\libc.a(strncat.o)
                0x00000794                strncat
                0x000007b4                . = ALIGN (0x2)
 *(.fini9)
 .fini9         0x000007b4        0x0 d:/ide/7.0/toolchain/avr8/avr8-gnu-toolchain/bin/../lib/gcc/avr/5.4.0/avr5\libgcc.a(_exit.o)
                0x000007b4                _exit
                0x000007b4                exit
 *(.fini9)
 *(.fini8)
 *(.fini8)
 *(.fini7)
 *(.fini7)
 *(.fini6)
 *(.fini6)
 *(.fini5)
 *(.fini5)
 *(.fini4)
 *(.fini4)
 *(.fini3)
 *(.fini3)
 *(.fini2)
 *(.fini2)
 *(.fini1)
 *(.fini1)
 *(.fini0)
 .fini0         0x000007b4        0x4 d:/ide/7.0/toolchain/avr8/avr8-gnu-toolchain/bin/../lib/gcc/avr/5.4.0/avr5\libgcc.a(_exit.o)
 *(.fini0)
                0x000007b8                _etext = .

.data           0x00800060       0xc4 load address 0x000007b8
                0x00800060                PROVIDE (__data_start, .)
 *(.data)
 *(.data*)
 .data.PinCfg   0x00800060       0x40 MCAL/Dio/Src/DIO_CFG.o
                0x00800060                PinCfg
 .data.words    0x008000a0       0x1e Program/main.o
                0x008000a0                words
 *(.gnu.linkonce.d*)
 *(.rodata)
 *(.rodata*)
 .rodata.str1.1
                0x008000be       0x66 Program/main.o
 *(.gnu.linkonce.r*)
                0x00800124                . = ALIGN (0x2)
                0x00800124                _edata = .
                0x00800124                PROVIDE (__data_end, .)

.bss            0x00800124       0x10
                0x00800124                PROVIDE (__bss_start, .)
 *(.bss)
 *(.bss*)
 .bss.ExtInt2FunPtr
                0x00800124        0x2 MCAL/EXINT/Src/ExInt.o
                0x00800124                ExtInt2FunPtr
 .bss.ExtInt1FunPtr
                0x00800126        0x2 MCAL/EXINT/Src/ExInt.o
                0x00800126                ExtInt1FunPtr
 .bss.ExtInt0FunPtr
                0x00800128        0x2 MCAL/EXINT/Src/ExInt.o
                0x00800128                ExtInt0FunPtr
 .bss.sensorValues
                0x0080012a        0xa Program/main.o
                0x0080012a                sensorValues
 *(COMMON)
                0x00800134                PROVIDE (__bss_end, .)
                0x000007b8                __data_load_start = LOADADDR (.data)
                0x0000087c                __data_load_end = (__data_load_start + SIZEOF (.data))

.noinit         0x00800134        0x0
                [!provide]                PROVIDE (__noinit_start, .)
 *(.noinit*)
                [!provide]                PROVIDE (__noinit_end, .)
                0x00800134                _end = .
                [!provide]                PROVIDE (__heap_start, .)

.eeprom         0x00810000        0x0
 *(.eeprom*)
                0x00810000                __eeprom_end = .

.fuse
 *(.fuse)
 *(.lfuse)
 *(.hfuse)
 *(.efuse)

.lock
 *(.lock*)

.signature
 *(.signature*)

.user_signatures
 *(.user_signatures*)

.stab
 *(.stab)

.stabstr
 *(.stabstr)

.stab.excl
 *(.stab.excl)

.stab.exclstr
 *(.stab.exclstr)

.stab.index
 *(.stab.index)

.stab.indexstr
 *(.stab.indexstr)

.comment        0x00000000       0x30
 *(.comment)
 .comment       0x00000000       0x30 ECUA/LCD/Src/LCD.o
                                 0x31 (size before relaxing)
 .comment       0x00000030       0x31 MCAL/ADC/Src/ADC.o
 .comment       0x00000030       0x31 MCAL/Dio/Src/Dio.o
 .comment       0x00000030       0x31 MCAL/Dio/Src/DIO_CFG.o
 .comment       0x00000030       0x31 MCAL/EXINT/Src/ExInt.o
 .comment       0x00000030       0x31 MCAL/GINT/Src/GINT_Reg.o
 .comment       0x00000030       0x31 Program/main.o

.note.gnu.avr.deviceinfo
                0x00000000       0x3c
 .note.gnu.avr.deviceinfo
                0x00000000       0x3c D:/IDE/7.0/Packs/atmel/ATmega_DFP/1.7.374/gcc/dev/atmega32/avr5/crtatmega32.o

.note.gnu.build-id
 *(.note.gnu.build-id)

.debug
 *(.debug)

.line
 *(.line)

.debug_srcinfo
 *(.debug_srcinfo)

.debug_sfnames
 *(.debug_sfnames)

.debug_aranges  0x00000000      0x198
 *(.debug_aranges)
 .debug_aranges
                0x00000000       0x50 ECUA/LCD/Src/LCD.o
 .debug_aranges
                0x00000050       0x28 MCAL/ADC/Src/ADC.o
 .debug_aranges
                0x00000078       0x50 MCAL/Dio/Src/Dio.o
 .debug_aranges
                0x000000c8       0x20 MCAL/Dio/Src/DIO_CFG.o
 .debug_aranges
                0x000000e8       0x50 MCAL/EXINT/Src/ExInt.o
 .debug_aranges
                0x00000138       0x28 MCAL/GINT/Src/GINT_Reg.o
 .debug_aranges
                0x00000160       0x38 Program/main.o

.debug_pubnames
 *(.debug_pubnames)

.debug_info     0x00000000     0x1bfe
 *(.debug_info .gnu.linkonce.wi.*)
 .debug_info    0x00000000      0x4e6 D:/IDE/7.0/Packs/atmel/ATmega_DFP/1.7.374/gcc/dev/atmega32/avr5/crtatmega32.o
 .debug_info    0x000004e6      0x825 ECUA/LCD/Src/LCD.o
 .debug_info    0x00000d0b      0x1bc MCAL/ADC/Src/ADC.o
 .debug_info    0x00000ec7      0x3ab MCAL/Dio/Src/Dio.o
 .debug_info    0x00001272      0x24f MCAL/Dio/Src/DIO_CFG.o
 .debug_info    0x000014c1      0x222 MCAL/EXINT/Src/ExInt.o
 .debug_info    0x000016e3       0x8a MCAL/GINT/Src/GINT_Reg.o
 .debug_info    0x0000176d      0x491 Program/main.o

.debug_abbrev   0x00000000      0xb60
 *(.debug_abbrev)
 .debug_abbrev  0x00000000      0x4a3 D:/IDE/7.0/Packs/atmel/ATmega_DFP/1.7.374/gcc/dev/atmega32/avr5/crtatmega32.o
 .debug_abbrev  0x000004a3      0x1a9 ECUA/LCD/Src/LCD.o
 .debug_abbrev  0x0000064c       0xca MCAL/ADC/Src/ADC.o
 .debug_abbrev  0x00000716       0xdd MCAL/Dio/Src/Dio.o
 .debug_abbrev  0x000007f3       0xbb MCAL/Dio/Src/DIO_CFG.o
 .debug_abbrev  0x000008ae       0xcf MCAL/EXINT/Src/ExInt.o
 .debug_abbrev  0x0000097d       0x46 MCAL/GINT/Src/GINT_Reg.o
 .debug_abbrev  0x000009c3      0x19d Program/main.o

.debug_line     0x00000000      0xd45
 *(.debug_line .debug_line.* .debug_line_end)
 .debug_line    0x00000000      0x116 D:/IDE/7.0/Packs/atmel/ATmega_DFP/1.7.374/gcc/dev/atmega32/avr5/crtatmega32.o
 .debug_line    0x00000116      0x311 ECUA/LCD/Src/LCD.o
 .debug_line    0x00000427       0xbc MCAL/ADC/Src/ADC.o
 .debug_line    0x000004e3      0x2bd MCAL/Dio/Src/Dio.o
 .debug_line    0x000007a0      0x107 MCAL/Dio/Src/DIO_CFG.o
 .debug_line    0x000008a7      0x1ab MCAL/EXINT/Src/ExInt.o
 .debug_line    0x00000a52       0x77 MCAL/GINT/Src/GINT_Reg.o
 .debug_line    0x00000ac9      0x27c Program/main.o

.debug_frame    0x00000000      0x3c8
 *(.debug_frame)
 .debug_frame   0x00000000       0xb4 ECUA/LCD/Src/LCD.o
 .debug_frame   0x000000b4       0x34 MCAL/ADC/Src/ADC.o
 .debug_frame   0x000000e8       0x84 MCAL/Dio/Src/Dio.o
 .debug_frame   0x0000016c       0x24 MCAL/Dio/Src/DIO_CFG.o
 .debug_frame   0x00000190      0x15c MCAL/EXINT/Src/ExInt.o
 .debug_frame   0x000002ec       0x34 MCAL/GINT/Src/GINT_Reg.o
 .debug_frame   0x00000320       0xa8 Program/main.o

.debug_str      0x00000000      0xaaa
 *(.debug_str)
 .debug_str     0x00000000      0x196 D:/IDE/7.0/Packs/atmel/ATmega_DFP/1.7.374/gcc/dev/atmega32/avr5/crtatmega32.o
 .debug_str     0x00000196      0x43b ECUA/LCD/Src/LCD.o
                                0x474 (size before relaxing)
 .debug_str     0x000005d1      0x1ab MCAL/ADC/Src/ADC.o
                                0x2e4 (size before relaxing)
 .debug_str     0x0000077c       0xd9 MCAL/Dio/Src/Dio.o
                                0x44b (size before relaxing)
 .debug_str     0x00000855       0x3d MCAL/Dio/Src/DIO_CFG.o
                                0x3da (size before relaxing)
 .debug_str     0x00000892      0x14a MCAL/EXINT/Src/ExInt.o
                                0x2c1 (size before relaxing)
 .debug_str     0x000009dc       0x4f MCAL/GINT/Src/GINT_Reg.o
                                0x188 (size before relaxing)
 .debug_str     0x00000a2b       0x7f Program/main.o
                                0x40c (size before relaxing)

.debug_loc      0x00000000     0x1436
 *(.debug_loc)
 .debug_loc     0x00000000      0x54f ECUA/LCD/Src/LCD.o
 .debug_loc     0x0000054f       0x70 MCAL/ADC/Src/ADC.o
 .debug_loc     0x000005bf      0x74c MCAL/Dio/Src/Dio.o
 .debug_loc     0x00000d0b      0x167 MCAL/Dio/Src/DIO_CFG.o
 .debug_loc     0x00000e72      0x3b8 MCAL/EXINT/Src/ExInt.o
 .debug_loc     0x0000122a      0x20c Program/main.o

.debug_macinfo
 *(.debug_macinfo)

.debug_weaknames
 *(.debug_weaknames)

.debug_funcnames
 *(.debug_funcnames)

.debug_typenames
 *(.debug_typenames)

.debug_varnames
 *(.debug_varnames)

.debug_pubtypes
 *(.debug_pubtypes)

.debug_ranges   0x00000000      0x140
 *(.debug_ranges)
 .debug_ranges  0x00000000       0x40 ECUA/LCD/Src/LCD.o
 .debug_ranges  0x00000040       0x18 MCAL/ADC/Src/ADC.o
 .debug_ranges  0x00000058       0x40 MCAL/Dio/Src/Dio.o
 .debug_ranges  0x00000098       0x10 MCAL/Dio/Src/DIO_CFG.o
 .debug_ranges  0x000000a8       0x40 MCAL/EXINT/Src/ExInt.o
 .debug_ranges  0x000000e8       0x18 MCAL/GINT/Src/GINT_Reg.o
 .debug_ranges  0x00000100       0x40 Program/main.o

.debug_macro
 *(.debug_macro)
OUTPUT(GloveDeaf.elf elf32-avr)
LOAD linker stubs
